oyekanmi@Oyekanmi-Oyetunji:~/Documents/Angular/ProAngular9/ngServe$ ng add @angular/pwa
Your global Angular CLI version (15.1.1) is greater than your local version (9.0.3). The local Angular CLI version is used.

To disable this warning use "ng config -g cli.warnings.versionMismatch false".
Unable to fetch package metadata: request to https://registry.npmjs.org/@angular%2fpwa failed, reason: getaddrinfo EAI_AGAIN registry.npmjs.org
oyekanmi@Oyekanmi-Oyetunji:~/Documents/Angular/ProAngular9/ngServe$ ng add @angular/pwa
Your global Angular CLI version (15.1.1) is greater than your local version (9.0.3). The local Angular CLI version is used.

To disable this warning use "ng config -g cli.warnings.versionMismatch false".
Installing packages for tooling via npm.
Installed packages for tooling via npm.
this.tree.readText is not a function
oyekanmi@Oyekanmi-Oyetunji:~/Documents/Angular/ProAngular9/ngServe$ nvm use 14
Now using node v14.21.2 (npm v6.14.17)
oyekanmi@Oyekanmi-Oyetunji:~/Documents/Angular/ProAngular9/ngServe$ ng add @angular/pwa
Your global Angular CLI version (15.1.1) is greater than your local version (9.0.3). The local Angular CLI version is used.

To disable this warning use "ng config -g cli.warnings.versionMismatch false".
Installing packages for tooling via npm.
Installed packages for tooling via npm.
this.tree.readText is not a function
oyekanmi@Oyekanmi-Oyetunji:~/Documents/Angular/ProAngular9/ngServe$ ng add @angular/pwa@0.901.15
Your global Angular CLI version (15.1.1) is greater than your local version (9.0.3). The local Angular CLI version is used.

To disable this warning use "ng config -g cli.warnings.versionMismatch false".
Installing packages for tooling via npm.
Installed packages for tooling via npm.
CREATE ngsw-config.json (620 bytes)
CREATE src/manifest.webmanifest (1346 bytes)
CREATE src/assets/icons/icon-128x128.png (1253 bytes)
CREATE src/assets/icons/icon-144x144.png (1394 bytes)
CREATE src/assets/icons/icon-152x152.png (1427 bytes)
CREATE src/assets/icons/icon-192x192.png (1790 bytes)
CREATE src/assets/icons/icon-384x384.png (3557 bytes)
CREATE src/assets/icons/icon-512x512.png (5008 bytes)
CREATE src/assets/icons/icon-72x72.png (792 bytes)
CREATE src/assets/icons/icon-96x96.png (958 bytes)
UPDATE angular.json (4594 bytes)
UPDATE package.json (1529 bytes)
UPDATE src/app/app.module.ts (1951 bytes)
UPDATE src/index.html (505 bytes)
âœ” Packages installed successfully.
oyekanmi@Oyekanmi-Oyetunji:~/Documents/Angular/ProAngular9/ngServe$ 


